LINUXRT INSTALL
0001 RTB0000.0 <- usr/lib/x86_64-linux-gnu/libasound.so.2.0.0
0002 RTB0001.2 <- usr/lib/x86_64-linux-gnu/libasound.so.2
0003 RTB0002.0 <- usr/lib/x86_64-linux-gnu/libatk-bridge-2.0.so.0
0004 RTB0003.0 <- usr/lib/x86_64-linux-gnu/libatk-bridge-2.0.so.0.0.0
0005 RTB0004.1 <- usr/lib/x86_64-linux-gnu/libatk-1.0.so.0.23609.1
0006 RTB0005.0 <- usr/lib/x86_64-linux-gnu/libatk-1.0.so.0
0007 RTB0006.1 <- usr/lib/x86_64-linux-gnu/libatspi.so.0.0.1
0008 RTB0007.0 <- usr/lib/x86_64-linux-gnu/libatspi.so.0
0009 RTB0008.SO <- usr/lib/x86_64-linux-gnu/audit/sotruss-lib.so
0010 RTB0009.SO <- usr/lib/x86_64-linux-gnu/gconv/utf-16.so
0011 RTB0010.SO <- usr/lib/x86_64-linux-gnu/gconv/koi8-t.so
0012 RTB0011.SO <- usr/lib/x86_64-linux-gnu/gconv/cp772.so
0013 RTB0012.SO <- usr/lib/x86_64-linux-gnu/gconv/iso_11548-1.so
0014 RTB0013.SO <- usr/lib/x86_64-linux-gnu/gconv/macintosh.so
0015 RTB0014.SO <- usr/lib/x86_64-linux-gnu/gconv/ibm866nav.so
0016 RTB0015.SO <- usr/lib/x86_64-linux-gnu/gconv/iso8859-5.so
0017 RTB0016.SO <- usr/lib/x86_64-linux-gnu/gconv/iso_5427.so
0018 RTB0017.SO <- usr/lib/x86_64-linux-gnu/gconv/utf-32.so
0019 RTB0018.SO <- usr/lib/x86_64-linux-gnu/gconv/ibm037.so
0020 RTB0019.SO <- usr/lib/x86_64-linux-gnu/gconv/asmo_449.so
0021 RTB0020.SO <- usr/lib/x86_64-linux-gnu/gconv/ansi_x3.110.so
0022 RTB0021.SO <- usr/lib/x86_64-linux-gnu/gconv/iso8859-16.so
0023 RTB0022.SO <- usr/lib/x86_64-linux-gnu/gconv/hp-greek8.so
0024 RTB0023.SO <- usr/lib/x86_64-linux-gnu/gconv/ibm297.so
0025 RTB0024.SO <- usr/lib/x86_64-linux-gnu/gconv/greek7.so
0026 RTB0025.SO <- usr/lib/x86_64-linux-gnu/gconv/koi8-ru.so
0027 RTB0026.SO <- usr/lib/x86_64-linux-gnu/gconv/iso-2022-jp.so
0028 RTB0027.SO <- usr/lib/x86_64-linux-gnu/gconv/iso-ir-209.so
0029 RTB0028.SO <- usr/lib/x86_64-linux-gnu/gconv/iso-2022-cn.so
0030 RTB0029.SO <- usr/lib/x86_64-linux-gnu/gconv/ebcdic-pt.so
0031 RTB0030.SO <- usr/lib/x86_64-linux-gnu/gconv/iso8859-1.so
0032 RTB0031.SO <- usr/lib/x86_64-linux-gnu/gconv/big5.so
0033 RTB0032.SO <- usr/lib/x86_64-linux-gnu/gconv/ibm274.so
0034 RTB0033.SO <- usr/lib/x86_64-linux-gnu/gconv/dec-mcs.so
0035 RTB0034.SO <- usr/lib/x86_64-linux-gnu/gconv/cp737.so
0036 RTB0035.SO <- usr/lib/x86_64-linux-gnu/gconv/ibm12712.so
0037 RTB0036.SO <- usr/lib/x86_64-linux-gnu/gconv/ibm275.so
0038 RTB0037.SO <- usr/lib/x86_64-linux-gnu/gconv/ibm4909.so
0039 RTB0038.SO <- usr/lib/x86_64-linux-gnu/gconv/viscii.so
0040 RTB0039.SO <- usr/lib/x86_64-linux-gnu/gconv/armscii-8.so
0041 RTB0040.SO <- usr/lib/x86_64-linux-gnu/gconv/mik.so
0042 RTB0041.SO <- usr/lib/x86_64-linux-gnu/gconv/koi8-u.so
0043 RTB0042.SO <- usr/lib/x86_64-linux-gnu/gconv/nats-sefi.so
0044 RTB0043.SO <- usr/lib/x86_64-linux-gnu/gconv/ibm16804.so
0045 RTB0044.SO <- usr/lib/x86_64-linux-gnu/gconv/cp773.so
0046 RTB0045.SO <- usr/lib/x86_64-linux-gnu/gconv/iso8859-13.so
0047 RTB0046.SO <- usr/lib/x86_64-linux-gnu/gconv/inis-cyrillic.so
0048 RTB0047.SO <- usr/lib/x86_64-linux-gnu/gconv/gbbig5.so
0049 RTB0048.SO <- usr/lib/x86_64-linux-gnu/gconv/t.61.so
0050 RTB0049.SO <- usr/lib/x86_64-linux-gnu/gconv/euc-jp-ms.so
0051 RTB0050.SO <- usr/lib/x86_64-linux-gnu/gconv/ebcdic-dk-no-a.so
0052 RTB0051.SO <- usr/lib/x86_64-linux-gnu/gconv/ebcdic-ca-fr.so
0053 RTB0052.SO <- usr/lib/x86_64-linux-gnu/gconv/ebcdic-at-de-a.so
0054 RTB0053.SO <- usr/lib/x86_64-linux-gnu/gconv/iso8859-4.so
0055 RTB0054.SO <- usr/lib/x86_64-linux-gnu/gconv/euc-jisx0213.so
0056 RTB0055.SO <- usr/lib/x86_64-linux-gnu/gconv/libjis.so
0057 RTB0056.SO <- usr/lib/x86_64-linux-gnu/gconv/gb18030.so
0058 RTB0057.SO <- usr/lib/x86_64-linux-gnu/gconv/ibm860.so
0059 RTB0058.SO <- usr/lib/x86_64-linux-gnu/gconv/ibm1004.so
0060 RTB0059.SO <- usr/lib/x86_64-linux-gnu/gconv/ibm1144.so
0061 RTB0060.SO <- usr/lib/x86_64-linux-gnu/gconv/ibm1154.so
0062 RTB0061.SO <- usr/lib/x86_64-linux-gnu/gconv/mac-centraleurope.so
0063 RTB0062.SO <- usr/lib/x86_64-linux-gnu/gconv/ibm1160.so
0064 RTB0063.SO <- usr/lib/x86_64-linux-gnu/gconv/koi-8.so
0065 RTB0064.SO <- usr/lib/x86_64-linux-gnu/gconv/ibm904.so
0066 RTB0065.SO <- usr/lib/x86_64-linux-gnu/gconv/ibm870.so
0067 RTB0066.SO <- usr/lib/x86_64-linux-gnu/gconv/ibm930.so
0068 RTB0067.SO <- usr/lib/x86_64-linux-gnu/gconv/tscii.so
0069 RTB0068.SO <- usr/lib/x86_64-linux-gnu/gconv/cp1250.so
0070 RTB0069.SO <- usr/lib/x86_64-linux-gnu/gconv/ibm500.so
0071 RTB0070.SO <- usr/lib/x86_64-linux-gnu/gconv/libjisx0213.so
0072 RTB0071.SO <- usr/lib/x86_64-linux-gnu/gconv/ibm850.so
0073 RTB0072.SO <- usr/lib/x86_64-linux-gnu/gconv/ibm5347.so
0074 RTB0073.SO <- usr/lib/x86_64-linux-gnu/gconv/ibm864.so
0075 RTB0074.SO <- usr/lib/x86_64-linux-gnu/gconv/latin-greek-1.so
0076 RTB0075.SO <- usr/lib/x86_64-linux-gnu/gconv/iso_5427-ext.so
0077 RTB0076.SO <- usr/lib/x86_64-linux-gnu/gconv/euc-jp.so
0078 RTB0077.SO <- usr/lib/x86_64-linux-gnu/gconv/cp10007.so
0079 RTB0078.SO <- usr/lib/x86_64-linux-gnu/gconv/ibm1140.so
0080 RTB0079.SO <- usr/lib/x86_64-linux-gnu/gconv/ibm1164.so
0081 RTB0080.SO <- usr/lib/x86_64-linux-gnu/gconv/euc-cn.so
0082 RTB0081.SO <- usr/lib/x86_64-linux-gnu/gconv/mac-uk.so
0083 RTB0082.SO <- usr/lib/x86_64-linux-gnu/gconv/cp1254.so
0084 RTB0083.SO <- usr/lib/x86_64-linux-gnu/gconv/ibm874.so
0085 RTB0084.SO <- usr/lib/x86_64-linux-gnu/gconv/nats-dano.so
0086 RTB0085.SO <- usr/lib/x86_64-linux-gnu/gconv/ibm851.so
0087 RTB0086.SO <- usr/lib/x86_64-linux-gnu/gconv/libksc.so
0088 RTB0087.SO <- usr/lib/x86_64-linux-gnu/gconv/ibm865.so
0089 RTB0088.SO <- usr/lib/x86_64-linux-gnu/gconv/iso_6937.so
0090 RTB0089.SO <- usr/lib/x86_64-linux-gnu/gconv/ibm4517.so
0091 RTB0090.SO <- usr/lib/x86_64-linux-gnu/gconv/ibm1390.so
0092 RTB0091.SO <- usr/lib/x86_64-linux-gnu/gconv/ibm1141.so
0093 RTB0092.SO <- usr/lib/x86_64-linux-gnu/gconv/ibm1097.so
0094 RTB0093.SO <- usr/lib/x86_64-linux-gnu/gconv/euc-tw.so
0095 RTB0094.SO <- usr/lib/x86_64-linux-gnu/gconv/ibm1124.so
0096 RTB0095.SO <- usr/lib/x86_64-linux-gnu/gconv/ibm1025.so
0097 RTB0096.SO <- usr/lib/x86_64-linux-gnu/gconv/iso_6937-2.so
0098 RTB0097.SO <- usr/lib/x86_64-linux-gnu/gconv/ibm038.so
0099 RTB0098.SO <- usr/lib/x86_64-linux-gnu/gconv/cp1255.so
0100 RTB0099.SO <- usr/lib/x86_64-linux-gnu/gconv/iso-2022-jp-3.so
0101 RTB0100.SO <- usr/lib/x86_64-linux-gnu/gconv/ibm875.so
0102 RTB0101.SO <- usr/lib/x86_64-linux-gnu/gconv/ibm935.so
0103 RTB0102.SO <- usr/lib/x86_64-linux-gnu/gconv/ibm901.so
0104 RTB0103.SO <- usr/lib/x86_64-linux-gnu/gconv/iso_5428.so
0105 RTB0104.SO <- usr/lib/x86_64-linux-gnu/gconv/ibm420.so
0106 RTB0105.SO <- usr/lib/x86_64-linux-gnu/gconv/latin-greek.so
0107 RTB0106.SO <- usr/lib/x86_64-linux-gnu/gconv/ibm921.so
0108 RTB0107.SO <- usr/lib/x86_64-linux-gnu/gconv/ibm9066.so
0109 RTB0108.SO <- usr/lib/x86_64-linux-gnu/gconv/ibm861.so
0110 RTB0109.SO <- usr/lib/x86_64-linux-gnu/gconv/ebcdic-fi-se.so
0111 RTB0110.SO <- usr/lib/x86_64-linux-gnu/gconv/ibm855.so
0112 RTB0111.SO <- usr/lib/x86_64-linux-gnu/gconv/rk1048.so
0113 RTB0112.SO <- usr/lib/x86_64-linux-gnu/gconv/ibm1145.so
0114 RTB0113.SO <- usr/lib/x86_64-linux-gnu/gconv/csn_369103.so
0115 RTB0114.SO <- usr/lib/x86_64-linux-gnu/gconv/ibm1155.so
0116 RTB0115.SO <- usr/lib/x86_64-linux-gnu/gconv/ecma-cyrillic.so
0117 RTB0116.SO <- usr/lib/x86_64-linux-gnu/gconv/ibm1161.so
0118 RTB0117.SO <- usr/lib/x86_64-linux-gnu/gconv/ibm1130.so
0119 RTB0118.SO <- usr/lib/x86_64-linux-gnu/gconv/sjis.so
0120 RTB0119.SO <- usr/lib/x86_64-linux-gnu/gconv/ibm905.so
0121 RTB0120.SO <- usr/lib/x86_64-linux-gnu/gconv/ibm424.so
0122 RTB0121.SO <- usr/lib/x86_64-linux-gnu/gconv/ibm871.so
0123 RTB0122.SO <- usr/lib/x86_64-linux-gnu/gconv/iso-ir-197.so
0124 RTB0123.SO <- usr/lib/x86_64-linux-gnu/gconv/cp1251.so
0125 RTB0124.SO <- usr/lib/x86_64-linux-gnu/gconv/pt154.so
0126 RTB0125.SO <- usr/lib/x86_64-linux-gnu/gconv/ibm852.so
0127 RTB0126.SO <- usr/lib/x86_64-linux-gnu/gconv/ibm803.so
0128 RTB0127.SO <- usr/lib/x86_64-linux-gnu/gconv/ibm943.so
0129 RTB0128.SO <- usr/lib/x86_64-linux-gnu/gconv/tcvn5712-1.so
0130 RTB0129.SO <- usr/lib/x86_64-linux-gnu/gconv/big5hkscs.so
0131 RTB0130.SO <- usr/lib/x86_64-linux-gnu/gconv/ibm9030.so
0132 RTB0131.SO <- usr/lib/x86_64-linux-gnu/gconv/ibm866.so
0133 RTB0132.SO <- usr/lib/x86_64-linux-gnu/gconv/hp-roman8.so
0134 RTB0133.SO <- usr/lib/x86_64-linux-gnu/gconv/ibm1142.so
0135 RTB0134.SO <- usr/lib/x86_64-linux-gnu/gconv/ebcdic-fi-se-a.so
0136 RTB0135.SO <- usr/lib/x86_64-linux-gnu/gconv/ibm1026.so
0137 RTB0136.SO <- usr/lib/x86_64-linux-gnu/gconv/mac-is.so
0138 RTB0137.SO <- usr/lib/x86_64-linux-gnu/gconv/ibm1166.so
0139 RTB0138.SO <- usr/lib/x86_64-linux-gnu/gconv/ibm1137.so
0140 RTB0139.SO <- usr/lib/x86_64-linux-gnu/gconv/euc-kr.so
0141 RTB0140.SO <- usr/lib/x86_64-linux-gnu/gconv/uhc.so
0142 RTB0141.SO <- usr/lib/x86_64-linux-gnu/gconv/hp-thai8.so
0143 RTB0142.SO <- usr/lib/x86_64-linux-gnu/gconv/ebcdic-is-friss.so
0144 RTB0143.SO <- usr/lib/x86_64-linux-gnu/gconv/cp1256.so
0145 RTB0144.SO <- usr/lib/x86_64-linux-gnu/gconv/ibm423.so
0146 RTB0145.SO <- usr/lib/x86_64-linux-gnu/gconv/iso8859-9.so
0147 RTB0146.SO <- usr/lib/x86_64-linux-gnu/gconv/ibm902.so
0148 RTB0147.SO <- usr/lib/x86_64-linux-gnu/gconv/ibm922.so
0149 RTB0148.SO <- usr/lib/x86_64-linux-gnu/gconv/ibm862.so
0150 RTB0149.SO <- usr/lib/x86_64-linux-gnu/gconv/ibm891.so
0151 RTB0150.SO <- usr/lib/x86_64-linux-gnu/gconv/ibm856.so
0152 RTB0151.SO <- usr/lib/x86_64-linux-gnu/gconv/ibm437.so
0153 RTB0152.SO <- usr/lib/x86_64-linux-gnu/gconv/hp-turkish8.so
0154 RTB0153.SO <- usr/lib/x86_64-linux-gnu/gconv/ibm1123.so
0155 RTB0154.SO <- usr/lib/x86_64-linux-gnu/gconv/brf.so
0156 RTB0155.SO <- usr/lib/x86_64-linux-gnu/gconv/ibm4971.so
0157 RTB0156.SO <- usr/lib/x86_64-linux-gnu/gconv/ibm1146.so
0158 RTB0157.SO <- usr/lib/x86_64-linux-gnu/gconv/ibm1364.so
0159 RTB0158.SO <- usr/lib/x86_64-linux-gnu/gconv/ebcdic-at-de.so
0160 RTB0159.SO <- usr/lib/x86_64-linux-gnu/gconv/utf-7.so
0161 RTB0160.SO <- usr/lib/x86_64-linux-gnu/gconv/ibm1156.so
0162 RTB0161.SO <- usr/lib/x86_64-linux-gnu/gconv/ibm1047.so
0163 RTB0162.SO <- usr/lib/x86_64-linux-gnu/gconv/ibm1133.so
0164 RTB0163.SO <- usr/lib/x86_64-linux-gnu/gconv/ibm278.so
0165 RTB0164.SO <- usr/lib/x86_64-linux-gnu/gconv/ibm1162.so
0166 RTB0165.SO <- usr/lib/x86_64-linux-gnu/gconv/georgian-academy.so
0167 RTB0166.SO <- usr/lib/x86_64-linux-gnu/gconv/iso_10367-box.so
0168 RTB0167.SO <- usr/lib/x86_64-linux-gnu/gconv/cp1252.so
0169 RTB0168.SO <- usr/lib/x86_64-linux-gnu/gconv/ibm932.so
0170 RTB0169.SO <- usr/lib/x86_64-linux-gnu/gconv/ibm863.so
0171 RTB0170.SO <- usr/lib/x86_64-linux-gnu/gconv/ibm857.so
0172 RTB0171.SO <- usr/lib/x86_64-linux-gnu/gconv/greek-ccitt.so
0173 RTB0172.SO <- usr/lib/x86_64-linux-gnu/gconv/iso646.so
0174 RTB0173.SO <- usr/lib/x86_64-linux-gnu/gconv/libcns.so
0175 RTB0174.SO <- usr/lib/x86_64-linux-gnu/gconv/ibm1122.so
0176 RTB0175.SO <- usr/lib/x86_64-linux-gnu/gconv/libisoir165.so
0177 RTB0176.SO <- usr/lib/x86_64-linux-gnu/gconv/ibm9448.so
0178 RTB0177.SO <- usr/lib/x86_64-linux-gnu/gconv/ibm1147.so
0179 RTB0178.SO <- usr/lib/x86_64-linux-gnu/gconv/ebcdic-es-a.so
0180 RTB0179.SO <- usr/lib/x86_64-linux-gnu/gconv/unicode.so
0181 RTB0180.SO <- usr/lib/x86_64-linux-gnu/gconv/ibm1157.so
0182 RTB0181.SO <- usr/lib/x86_64-linux-gnu/gconv/ibm1046.so
0183 RTB0182.SO <- usr/lib/x86_64-linux-gnu/gconv/ibm1132.so
0184 RTB0183.SO <- usr/lib/x86_64-linux-gnu/gconv/ibm1163.so
0185 RTB0184.SO <- usr/lib/x86_64-linux-gnu/gconv/gbk.so
0186 RTB0185.SO <- usr/lib/x86_64-linux-gnu/gconv/ibm880.so
0187 RTB0186.SO <- usr/lib/x86_64-linux-gnu/gconv/cp1253.so
0188 RTB0187.SO <- usr/lib/x86_64-linux-gnu/gconv/johab.so
0189 RTB0188.SO <- usr/lib/x86_64-linux-gnu/gconv/ibm933.so
0190 RTB0189.SO <- usr/lib/x86_64-linux-gnu/gconv/iec_p27-1.so
0191 RTB0190.SO <- usr/lib/x86_64-linux-gnu/gconv/isiri-3342.so
0192 RTB0191.SO <- usr/lib/x86_64-linux-gnu/gconv/libgb.so
0193 RTB0192.SO <- usr/lib/x86_64-linux-gnu/gconv/cp1125.so
0194 RTB0193.SO <- usr/lib/x86_64-linux-gnu/gconv/hp-roman9.so
0195 RTB0194.SO <- usr/lib/x86_64-linux-gnu/gconv/ibm1143.so
0196 RTB0195.SO <- usr/lib/x86_64-linux-gnu/gconv/ibm1112.so
0197 RTB0196.SO <- usr/lib/x86_64-linux-gnu/gconv/inis-8.so
0198 RTB0197.SO <- usr/lib/x86_64-linux-gnu/gconv/greek7-old.so
0199 RTB0198.SO <- usr/lib/x86_64-linux-gnu/gconv/inis.so
0200 RTB0199.SO <- usr/lib/x86_64-linux-gnu/gconv/ibm1167.so
0201 RTB0200.SO <- usr/lib/x86_64-linux-gnu/gconv/georgian-ps.so
0202 RTB0201.SO <- usr/lib/x86_64-linux-gnu/gconv/ibm1371.so
0203 RTB0202.SO <- usr/lib/x86_64-linux-gnu/gconv/ibm1153.so
0204 RTB0203.SO <- usr/lib/x86_64-linux-gnu/gconv/sami-ws2.so
0205 RTB0204.SO <- usr/lib/x86_64-linux-gnu/gconv/ibm937.so
0206 RTB0205.SO <- usr/lib/x86_64-linux-gnu/gconv/cp1257.so
0207 RTB0206.SO <- usr/lib/x86_64-linux-gnu/gconv/iso-2022-cn-ext.so
0208 RTB0207.SO <- usr/lib/x86_64-linux-gnu/gconv/iso8859-8.so
0209 RTB0208.SO <- usr/lib/x86_64-linux-gnu/gconv/ibm903.so
0210 RTB0209.SO <- usr/lib/x86_64-linux-gnu/gconv/iso8859-14.so
0211 RTB0210.SO <- usr/lib/x86_64-linux-gnu/gconv/cp774.so
0212 RTB0211.SO <- usr/lib/x86_64-linux-gnu/gconv/ibm1008.so
0213 RTB0212.SO <- usr/lib/x86_64-linux-gnu/gconv/ibm1399.so
0214 RTB0213.SO <- usr/lib/x86_64-linux-gnu/gconv/koi8-r.so
0215 RTB0214.SO <- usr/lib/x86_64-linux-gnu/gconv/ibm1148.so
0216 RTB0215.SO <- usr/lib/x86_64-linux-gnu/gconv/iso8859-9e.so
0217 RTB0216.SO <- usr/lib/x86_64-linux-gnu/gconv/ibm858.so
0218 RTB0217.SO <- usr/lib/x86_64-linux-gnu/gconv/ibm918.so
0219 RTB0218.SO <- usr/lib/x86_64-linux-gnu/gconv/tis-620.so
0220 RTB0219.SO <- usr/lib/x86_64-linux-gnu/gconv/mac-sami.so
0221 RTB0220.SO <- usr/lib/x86_64-linux-gnu/gconv/iso-2022-kr.so
0222 RTB0221.SO <- usr/lib/x86_64-linux-gnu/gconv/gost_19768-74.so
0223 RTB0222.SO <- usr/lib/x86_64-linux-gnu/gconv/iso8859-3.so
0224 RTB0223.SO <- usr/lib/x86_64-linux-gnu/gconv/ebcdic-dk-no.so
0225 RTB0224.SO <- usr/lib/x86_64-linux-gnu/gconv/ibm285.so
0226 RTB0225.SO <- usr/lib/x86_64-linux-gnu/gconv/gbgbk.so
0227 RTB0226.SO <- usr/lib/x86_64-linux-gnu/gconv/ibm1158.so
0228 RTB0227.SO <- usr/lib/x86_64-linux-gnu/gconv/ibm1129.so
0229 RTB0228.SO <- usr/lib/x86_64-linux-gnu/gconv/ibm4899.so
0230 RTB0229.SO <- usr/lib/x86_64-linux-gnu/gconv/cp770.so
0231 RTB0230.SO <- usr/lib/x86_64-linux-gnu/gconv/iso8859-10.so
0232 RTB0231.SO <- usr/lib/x86_64-linux-gnu/gconv/ibm256.so
0233 RTB0232.SO <- usr/lib/x86_64-linux-gnu/gconv/ibm868.so
0234 RTB0233.SO <- usr/lib/x86_64-linux-gnu/gconv/ebcdic-uk.so
0235 RTB0234.SO <- usr/lib/x86_64-linux-gnu/gconv/ebcdic-fr.so
0236 RTB0235.SO <- usr/lib/x86_64-linux-gnu/gconv/iso8859-7.so
0237 RTB0236.SO <- usr/lib/x86_64-linux-gnu/gconv/ebcdic-us.so
0238 RTB0237.SO <- usr/lib/x86_64-linux-gnu/gconv/cp1258.so
0239 RTB0238.SO <- usr/lib/x86_64-linux-gnu/gconv/ibm281.so
0240 RTB0239.SO <- usr/lib/x86_64-linux-gnu/gconv/ibm290.so
0241 RTB0240.SO <- usr/lib/x86_64-linux-gnu/gconv/ebcdic-es-s.so
0242 RTB0241.SO <- usr/lib/x86_64-linux-gnu/gconv/iso8859-11.so
0243 RTB0242.SO <- usr/lib/x86_64-linux-gnu/gconv/cp771.so
0244 RTB0243.SO <- usr/lib/x86_64-linux-gnu/gconv/cp932.so
0245 RTB0244.SO <- usr/lib/x86_64-linux-gnu/gconv/ibm869.so
0246 RTB0245.SO <- usr/lib/x86_64-linux-gnu/gconv/iso8859-6.so
0247 RTB0246.SO <- usr/lib/x86_64-linux-gnu/gconv/ibm939.so
0248 RTB0247.SO <- usr/lib/x86_64-linux-gnu/gconv/ibm273.so
0249 RTB0248.SO <- usr/lib/x86_64-linux-gnu/gconv/ibm280.so
0250 RTB0249.SO <- usr/lib/x86_64-linux-gnu/gconv/cp775.so
0251 RTB0250.SO <- usr/lib/x86_64-linux-gnu/gconv/iso8859-15.so
0252 RTB0251.SO <- usr/lib/x86_64-linux-gnu/gconv/ibm1149.so
0253 RTB0252.SO <- usr/lib/x86_64-linux-gnu/gconv/ebcdic-it.so
0254 RTB0253.SO <- usr/lib/x86_64-linux-gnu/gconv/ebcdic-es.so
0255 RTB0254.SO <- usr/lib/x86_64-linux-gnu/gconv/ibm1008_420.so
0256 RTB0255.SO <- usr/lib/x86_64-linux-gnu/gconv/iso_2033.so
0257 RTB0256.SO <- usr/lib/x86_64-linux-gnu/gconv/iso8859-2.so
0258 RTB0257.SO <- usr/lib/x86_64-linux-gnu/gconv/ibm277.so
0259 RTB0258.SO <- usr/lib/x86_64-linux-gnu/gconv/cwi.so
0260 RTB0259.SO <- usr/lib/x86_64-linux-gnu/gconv/ibm284.so
0261 RTB0260.SO <- usr/lib/x86_64-linux-gnu/gconv/shift_jisx0213.so
0262 RTB0261.SO <- usr/lib/x86_64-linux-gnu/gconv/ibm1388.so
0263 RTB0262.2 <- lib/x86_64-linux-gnu/ld-linux-x86-64.so.2
0264 RTB0263.2 <- lib/x86_64-linux-gnu/libnss_dns.so.2
0265 RTB0264.2 <- lib/x86_64-linux-gnu/libnss_compat.so.2
0266 RTB0265.6 <- lib/x86_64-linux-gnu/libc.so.6
0267 RTB0266.2 <- lib/x86_64-linux-gnu/libresolv.so.2
0268 RTB0267.SO <- lib/x86_64-linux-gnu/libmemusage.so
0269 RTB0268.2 <- lib/x86_64-linux-gnu/libnss_files.so.2
0270 RTB0269.1 <- lib/x86_64-linux-gnu/libanl.so.1
0271 RTB0270.1 <- lib/x86_64-linux-gnu/libutil.so.1
0272 RTB0271.1 <- lib/x86_64-linux-gnu/libmvec.so.1
0273 RTB0272.6 <- lib/x86_64-linux-gnu/libm.so.6
0274 RTB0273.0 <- lib/x86_64-linux-gnu/libpthread.so.0
0275 RTB0274.0 <- lib/x86_64-linux-gnu/libc_malloc_debug.so.0
0276 RTB0275.1 <- lib/x86_64-linux-gnu/libthread_db.so.1
0277 RTB0276.1 <- lib/x86_64-linux-gnu/librt.so.1
0278 RTB0277.2 <- lib/x86_64-linux-gnu/libdl.so.2
0279 RTB0278.2 <- lib/x86_64-linux-gnu/libnss_hesiod.so.2
0280 RTB0279.1 <- lib/x86_64-linux-gnu/libbrokenlocale.so.1
0281 RTB0280.SO <- lib/x86_64-linux-gnu/libpcprofile.so
0282 RTB0281.1 <- lib/x86_64-linux-gnu/libnsl.so.1
0283 RTB0282.2 <- usr/lib/x86_64-linux-gnu/libcairo.so.2
0284 RTB0283.0 <- usr/lib/x86_64-linux-gnu/libcairo.so.2.11600.0
0285 RTB0284.2 <- usr/lib/x86_64-linux-gnu/libcups.so.2
0286 RTB0285.13 <- lib/x86_64-linux-gnu/libdbus-1.so.3.19.13
0287 RTB0286.3 <- lib/x86_64-linux-gnu/libdbus-1.so.3
0288 RTB0287.2 <- usr/lib/x86_64-linux-gnu/libdrm.so.2
0289 RTB0288.0 <- usr/lib/x86_64-linux-gnu/libdrm.so.2.4.0
0290 RTB0289.0 <- usr/lib/x86_64-linux-gnu/libepoxy.so.0
0291 RTB0290.0 <- usr/lib/x86_64-linux-gnu/libepoxy.so.0.0.0
0292 RTB0291.1 <- usr/lib/x86_64-linux-gnu/libexpatw.so.1
0293 RTB0292.7 <- usr/lib/x86_64-linux-gnu/libexpatw.so.1.8.7
0294 RTB0293.1 <- lib/x86_64-linux-gnu/libexpat.so.1
0295 RTB0294.7 <- lib/x86_64-linux-gnu/libexpat.so.1.8.7
0296 RTB0295.0 <- usr/lib/x86_64-linux-gnu/libffi.so.8.1.0
0297 RTB0296.8 <- usr/lib/x86_64-linux-gnu/libffi.so.8
0298 RTB0297.1 <- usr/lib/x86_64-linux-gnu/libfontconfig.so.1
0299 RTB0298.0 <- usr/lib/x86_64-linux-gnu/libfontconfig.so.1.12.0
0300 RTB0299.6 <- usr/lib/x86_64-linux-gnu/libfreetype.so.6
0301 RTB0300.1 <- usr/lib/x86_64-linux-gnu/libfreetype.so.6.18.1
0302 RTB0301.0 <- usr/lib/x86_64-linux-gnu/libfribidi.so.0
0303 RTB0302.0 <- usr/lib/x86_64-linux-gnu/libfribidi.so.0.4.0
0304 RTB0303.0 <- usr/lib/x86_64-linux-gnu/libgbm.so.1.0.0
0305 RTB0304.1 <- usr/lib/x86_64-linux-gnu/libgbm.so.1
0306 RTB0305.1 <- lib/x86_64-linux-gnu/libgcc_s.so.1
0307 RTB0306.SO <- usr/lib/x86_64-linux-gnu/gdk-pixbuf-2.0/2.10.0/loaders/libpixbufloader-xbm.so
0308 RTB0307.SO <- usr/lib/x86_64-linux-gnu/gdk-pixbuf-2.0/2.10.0/loaders/libpixbufloader-xpm.so
0309 RTB0308.SO <- usr/lib/x86_64-linux-gnu/gdk-pixbuf-2.0/2.10.0/loaders/libpixbufloader-bmp.so
0310 RTB0309.SO <- usr/lib/x86_64-linux-gnu/gdk-pixbuf-2.0/2.10.0/loaders/libpixbufloader-qtif.so
0311 RTB0310.SO <- usr/lib/x86_64-linux-gnu/gdk-pixbuf-2.0/2.10.0/loaders/libpixbufloader-tiff.so
0312 RTB0311.SO <- usr/lib/x86_64-linux-gnu/gdk-pixbuf-2.0/2.10.0/loaders/libpixbufloader-ico.so
0313 RTB0312.SO <- usr/lib/x86_64-linux-gnu/gdk-pixbuf-2.0/2.10.0/loaders/libpixbufloader-icns.so
0314 RTB0313.SO <- usr/lib/x86_64-linux-gnu/gdk-pixbuf-2.0/2.10.0/loaders/libpixbufloader-pnm.so
0315 RTB0314.SO <- usr/lib/x86_64-linux-gnu/gdk-pixbuf-2.0/2.10.0/loaders/libpixbufloader-tga.so
0316 RTB0315.SO <- usr/lib/x86_64-linux-gnu/gdk-pixbuf-2.0/2.10.0/loaders/libpixbufloader-ani.so
0317 RTB0316.SO <- usr/lib/x86_64-linux-gnu/gdk-pixbuf-2.0/2.10.0/loaders/libpixbufloader-gif.so
0318 RTB0317.0 <- usr/lib/x86_64-linux-gnu/libgdk_pixbuf-2.0.so.0
0319 RTB0318.8 <- usr/lib/x86_64-linux-gnu/libgdk_pixbuf-2.0.so.0.4200.8
0320 RTB0319.0 <- usr/lib/x86_64-linux-gnu/libgobject-2.0.so.0
0321 RTB0320.4 <- usr/lib/x86_64-linux-gnu/libgio-2.0.so.0.7200.4
0322 RTB0321.4 <- usr/lib/x86_64-linux-gnu/libgobject-2.0.so.0.7200.4
0323 RTB0322.4 <- usr/lib/x86_64-linux-gnu/libglib-2.0.so.0.7200.4
0324 RTB0323.0 <- usr/lib/x86_64-linux-gnu/libglib-2.0.so.0
0325 RTB0324.0 <- usr/lib/x86_64-linux-gnu/libgthread-2.0.so.0
0326 RTB0325.0 <- usr/lib/x86_64-linux-gnu/libgio-2.0.so.0
0327 RTB0326.4 <- usr/lib/x86_64-linux-gnu/libgmodule-2.0.so.0.7200.4
0328 RTB0327.0 <- usr/lib/x86_64-linux-gnu/libgmodule-2.0.so.0
0329 RTB0328.4 <- usr/lib/x86_64-linux-gnu/libgthread-2.0.so.0.7200.4
0330 RTB0329.0 <- usr/lib/x86_64-linux-gnu/libgraphite2.so.2.0.0
0331 RTB0330.1 <- usr/lib/x86_64-linux-gnu/libgraphite2.so.3.2.1
0332 RTB0331.3 <- usr/lib/x86_64-linux-gnu/libgraphite2.so.3
0333 RTB0332.0 <- usr/lib/x86_64-linux-gnu/libgtk-3.so.0
0334 RTB0333.SO <- usr/lib/x86_64-linux-gnu/gtk-3.0/3.0.0/printbackends/libprintbackend-file.so
0335 RTB0334.SO <- usr/lib/x86_64-linux-gnu/gtk-3.0/3.0.0/printbackends/libprintbackend-lpr.so
0336 RTB0335.SO <- usr/lib/x86_64-linux-gnu/gtk-3.0/3.0.0/printbackends/libprintbackend-cups.so
0337 RTB0336.SO <- usr/lib/x86_64-linux-gnu/gtk-3.0/3.0.0/printbackends/libprintbackend-test.so
0338 RTB0337.SO <- usr/lib/x86_64-linux-gnu/gtk-3.0/3.0.0/immodules/im-cedilla.so
0339 RTB0338.SO <- usr/lib/x86_64-linux-gnu/gtk-3.0/3.0.0/immodules/im-ti-er.so
0340 RTB0339.SO <- usr/lib/x86_64-linux-gnu/gtk-3.0/3.0.0/immodules/im-broadway.so
0341 RTB0340.SO <- usr/lib/x86_64-linux-gnu/gtk-3.0/3.0.0/immodules/im-multipress.so
0342 RTB0341.SO <- usr/lib/x86_64-linux-gnu/gtk-3.0/3.0.0/immodules/im-waylandgtk.so
0343 RTB0342.SO <- usr/lib/x86_64-linux-gnu/gtk-3.0/3.0.0/immodules/im-wayland.so
0344 RTB0343.SO <- usr/lib/x86_64-linux-gnu/gtk-3.0/3.0.0/immodules/im-am-et.so
0345 RTB0344.SO <- usr/lib/x86_64-linux-gnu/gtk-3.0/3.0.0/immodules/im-ipa.so
0346 RTB0345.SO <- usr/lib/x86_64-linux-gnu/gtk-3.0/3.0.0/immodules/im-cyrillic-translit.so
0347 RTB0346.SO <- usr/lib/x86_64-linux-gnu/gtk-3.0/3.0.0/immodules/im-thai.so
0348 RTB0347.SO <- usr/lib/x86_64-linux-gnu/gtk-3.0/3.0.0/immodules/im-xim.so
0349 RTB0348.SO <- usr/lib/x86_64-linux-gnu/gtk-3.0/3.0.0/immodules/im-viqr.so
0350 RTB0349.SO <- usr/lib/x86_64-linux-gnu/gtk-3.0/3.0.0/immodules/im-ti-et.so
0351 RTB0350.SO <- usr/lib/x86_64-linux-gnu/gtk-3.0/3.0.0/immodules/im-inuktitut.so
0352 RTB0351.29 <- usr/lib/x86_64-linux-gnu/libgtk-3.so.0.2404.29
0353 RTB0352.29 <- usr/lib/x86_64-linux-gnu/libgdk-3.so.0.2404.29
0354 RTB0353.0 <- usr/lib/x86_64-linux-gnu/libgdk-3.so.0
0355 RTB0354.0 <- usr/lib/x86_64-linux-gnu/libharfbuzz.so.0
0356 RTB0355.0 <- usr/lib/x86_64-linux-gnu/libharfbuzz.so.0.20704.0
0357 RTB0356.SO <- usr/lib/x86_64-linux-gnu/libplc4.so
0358 RTB0357.SO <- usr/lib/x86_64-linux-gnu/libplds4.so
0359 RTB0358.SO <- usr/lib/x86_64-linux-gnu/libnspr4.so
0360 RTB0359.SO <- usr/lib/x86_64-linux-gnu/libsmime3.so
0361 RTB0360.SO <- usr/lib/x86_64-linux-gnu/libnssutil3.so
0362 RTB0361.SO <- usr/lib/x86_64-linux-gnu/nss/libnssdbm3.so
0363 RTB0362.SO <- usr/lib/x86_64-linux-gnu/nss/libsoftokn3.so
0364 RTB0363.SO <- usr/lib/x86_64-linux-gnu/nss/libfreeblpriv3.so
0365 RTB0364.SO <- usr/lib/x86_64-linux-gnu/nss/libfreebl3.so
0366 RTB0365.SO <- usr/lib/x86_64-linux-gnu/nss/libnssckbi.so
0367 RTB0366.SO <- usr/lib/x86_64-linux-gnu/libssl3.so
0368 RTB0367.SO <- usr/lib/x86_64-linux-gnu/libnss3.so
0369 RTB0368.SO <- usr/lib/x86_64-linux-gnu/libfreeblpriv3.so
0370 RTB0369.SO <- usr/lib/x86_64-linux-gnu/libfreebl3.so
0371 RTB0370.0 <- usr/lib/x86_64-linux-gnu/libpango-1.0.so.0
0372 RTB0371.6 <- usr/lib/x86_64-linux-gnu/libpango-1.0.so.0.5000.6
0373 RTB0372.4 <- usr/lib/x86_64-linux-gnu/libpcre2-8.so.0.10.4
0374 RTB0373.0 <- usr/lib/x86_64-linux-gnu/libpcre2-8.so.0
0375 RTB0374.16 <- usr/lib/x86_64-linux-gnu/libpng16.so.16
0376 RTB0375.0 <- usr/lib/x86_64-linux-gnu/libpng16.so.16.37.0
0377 RTB0376.6 <- usr/lib/x86_64-linux-gnu/libstdc++.so.6
0378 RTB0377.30 <- usr/lib/x86_64-linux-gnu/libstdc++.so.6.0.30
0379 RTB0378.0 <- usr/lib/x86_64-linux-gnu/libthai.so.0
0380 RTB0379.1 <- usr/lib/x86_64-linux-gnu/libthai.so.0.3.1
0381 RTB0380.1 <- usr/lib/x86_64-linux-gnu/libudev.so.1
0382 RTB0381.2 <- usr/lib/x86_64-linux-gnu/libudev.so.1.7.2
0383 RTB0382.0 <- usr/lib/x86_64-linux-gnu/libwayland-client.so.0
0384 RTB0383.0 <- usr/lib/x86_64-linux-gnu/libwayland-client.so.0.20.0
0385 RTB0384.0 <- usr/lib/x86_64-linux-gnu/libwayland-cursor.so.0.20.0
0386 RTB0385.0 <- usr/lib/x86_64-linux-gnu/libwayland-cursor.so.0
0387 RTB0386.1 <- usr/lib/x86_64-linux-gnu/libwayland-egl.so.1
0388 RTB0387.0 <- usr/lib/x86_64-linux-gnu/libwayland-egl.so.1.20.0
0389 RTB0388.0 <- usr/lib/x86_64-linux-gnu/libx11.so.6.4.0
0390 RTB0389.6 <- usr/lib/x86_64-linux-gnu/libx11.so.6
0391 RTB0390.0 <- usr/lib/x86_64-linux-gnu/libx11-xcb.so.1.0.0
0392 RTB0391.1 <- usr/lib/x86_64-linux-gnu/libx11-xcb.so.1
0393 RTB0392.0 <- usr/lib/x86_64-linux-gnu/libxcb.so.1.1.0
0394 RTB0393.1 <- usr/lib/x86_64-linux-gnu/libxcb.so.1
0395 RTB0394.1 <- usr/lib/x86_64-linux-gnu/libxcomposite.so.1
0396 RTB0395.0 <- usr/lib/x86_64-linux-gnu/libxcomposite.so.1.0.0
0397 RTB0396.2 <- usr/lib/x86_64-linux-gnu/libxcursor.so.1.0.2
0398 RTB0397.1 <- usr/lib/x86_64-linux-gnu/libxcursor.so.1
0399 RTB0398.1 <- usr/lib/x86_64-linux-gnu/libxdamage.so.1
0400 RTB0399.0 <- usr/lib/x86_64-linux-gnu/libxdamage.so.1.1.0
0401 RTB0400.6 <- usr/lib/x86_64-linux-gnu/libxext.so.6
0402 RTB0401.0 <- usr/lib/x86_64-linux-gnu/libxext.so.6.4.0
0403 RTB0402.0 <- usr/lib/x86_64-linux-gnu/libxfixes.so.3.1.0
0404 RTB0403.3 <- usr/lib/x86_64-linux-gnu/libxfixes.so.3
0405 RTB0404.0 <- usr/lib/x86_64-linux-gnu/libxi.so.6.1.0
0406 RTB0405.6 <- usr/lib/x86_64-linux-gnu/libxi.so.6
0407 RTB0406.1 <- usr/lib/x86_64-linux-gnu/libxinerama.so.1
0408 RTB0407.0 <- usr/lib/x86_64-linux-gnu/libxinerama.so.1.0.0
0409 RTB0408.0 <- usr/lib/x86_64-linux-gnu/libxkbcommon.so.0.0.0
0410 RTB0409.0 <- usr/lib/x86_64-linux-gnu/libxkbcommon.so.0
0411 RTB0410.0 <- usr/lib/x86_64-linux-gnu/libxrandr.so.2.2.0
0412 RTB0411.2 <- usr/lib/x86_64-linux-gnu/libxrandr.so.2
0413 RTB0412.1 <- usr/lib/x86_64-linux-gnu/libxrender.so.1
0414 RTB0413.0 <- usr/lib/x86_64-linux-gnu/libxrender.so.1.3.0
0415 RTB0414.0 <- usr/lib/x86_64-linux-gnu/libxshmfence.so.1.0.0
0416 RTB0415.1 <- usr/lib/x86_64-linux-gnu/libxshmfence.so.1
0417 RTB0416.1 <- usr/lib/x86_64-linux-gnu/libxss.so.1
0418 RTB0417.0 <- usr/lib/x86_64-linux-gnu/libxss.so.1.0.0
0419 RTB0418.0 <- usr/lib/x86_64-linux-gnu/libxtst.so.6.1.0
0420 RTB0419.6 <- usr/lib/x86_64-linux-gnu/libxtst.so.6
0421 RTB0420.1 <- lib/x86_64-linux-gnu/libz.so.1
0422 RTB0421.11 <- lib/x86_64-linux-gnu/libz.so.1.2.11
